10,1469135185,2-confirm_user,0.5,0.0,36.0,37,40,101,101,101,7,0
10,1469135185,2-create_user,0.3,0.0,73.0,61,95,162,162,162,5,0
10,1469135185,2-login,0.5,0.0,82.0,88,94,125,125,125,8,0
10,1469135185,2-waas_appv4,0.3,100.0,,,,,,,4,4
10,1469135185,ALL,6.0,4.444,61.0,61,90,116,162,162,90,4
10,1469135185,confirm_user,2.4,0.0,45.0,49,61,116,121,121,36,0
10,1469135185,create_user,2.0,0.0,77.0,86,98,111,127,127,30,0
10,1469135200,2-confirm_user,0.7,0.0,34.0,27,40,101,115,115,21,0
10,1469135200,2-create_user,0.6,0.0,63.0,50,89,162,162,162,17,0
10,1469135200,2-login,0.5,0.0,76.0,78,95,174,174,174,15,0
10,1469135200,2-waas_appv4,0.4,100.0,,,,,,,13,13
10,1469135200,ALL,6.1,7.104,59.0,53,90,125,191,244,183,13
10,1469135200,confirm_user,2.1,0.0,39.0,34,59,98,121,121,62,0
10,1469135200,create_user,1.8,0.0,85.0,89,100,177,244,244,55,0
10,1469135215,2-confirm_user,0.6,0.0,39.0,30,54,107,115,115,27,0
10,1469135215,2-create_user,0.6,0.0,72.0,61,97,162,221,221,25,0
10,1469135215,2-login,0.4,0.0,84.0,88,102,174,174,174,18,0
10,1469135215,2-waas_appv4,0.4,100.0,,,,,,,20,20
10,1469135215,ALL,6.1,7.273,61.0,51,94,131,244,261,275,20
10,1469135215,confirm_user,2.2,0.0,35.0,29,52,96,116,121,100,0
10,1469135215,create_user,1.9,0.0,90.0,92,105,177,261,261,85,0
10,1469135230,2-confirm_user,0.6,0.0,36.0,26,45,107,115,115,34,0
10,1469135230,2-create_user,0.6,0.0,73.0,53,101,221,347,347,37,0
10,1469135230,2-login,0.5,0.0,84.0,88,102,174,180,180,30,0
10,1469135230,2-waas_appv4,0.5,100.0,,,,,,,29,29
10,1469135230,ALL,6.1,7.923,63.0,53,95,138,244,347,366,29
10,1469135230,confirm_user,2.0,0.0,36.0,32,52,98,121,138,120,0
10,1469135230,create_user,1.9,0.0,90.0,91,108,177,261,289,116,0
